Picked up JAVA_TOOL_OPTIONS: -Dstdout.encoding=UTF-8 -Dstderr.encoding=UTF-8
[INFO] Error stacktraces are turned on.
[INFO] Scanning for projects...
Downloading from central: https://repo.maven.apache.org/maven2/org/apache/maven/plugins/maven-metadata.xml
Downloading from central: https://repo.maven.apache.org/maven2/org/codehaus/mojo/maven-metadata.xml
Progress (1): 3.1 kBProgress (2): 3.1 kB | 4.6 kBProgress (2): 3.1 kB | 9.7 kBProgress (2): 7.7 kB | 9.7 kBProgress (2): 7.7 kB | 14 kB Progress (2): 12 kB | 14 kB Progress (2): 17 kB | 14 kBProgress (2): 20 kB | 14 kBProgress (2): 21 kB | 14 kB                           Downloaded from central: https://repo.maven.apache.org/maven2/org/apache/maven/plugins/maven-metadata.xml (14 kB at 15 kB/s)
Downloaded from central: https://repo.maven.apache.org/maven2/org/codehaus/mojo/maven-metadata.xml (21 kB at 21 kB/s)
[INFO] ------------------------------------------------------------------------
[INFO] BUILD FAILURE
[INFO] ------------------------------------------------------------------------
[INFO] Total time:  2.141 s
[INFO] Finished at: 2026-05-20T07:33:08-05:00
[INFO] ------------------------------------------------------------------------
[ERROR] No plugin found for prefix 'spring-boot' in the current project and in the plugin groups [org.apache.maven.plugins, org.codehaus.mojo] available from the repositories [local (C:\Users\Aldo\.m2\repository), central (https://repo.maven.apache.org/maven2)] -> [Help 1]
org.apache.maven.plugin.prefix.NoPluginFoundForPrefixException: No plugin found for prefix 'spring-boot' in the current project and in the plugin groups [org.apache.maven.plugins, org.codehaus.mojo] available from the repositories [local (C:\Users\Aldo\.m2\repository), central (https://repo.maven.apache.org/maven2)]
    at org.apache.maven.plugin.prefix.internal.DefaultPluginPrefixResolver.resolve (DefaultPluginPrefixResolver.java:128)
    at org.apache.maven.lifecycle.internal.MojoDescriptorCreator.findPluginForPrefix (MojoDescriptorCreator.java:247)
    at org.apache.maven.lifecycle.internal.MojoDescriptorCreator.getMojoDescriptor (MojoDescriptorCreator.java:209)
    at org.apache.maven.lifecycle.internal.DefaultLifecycleTaskSegmentCalculator.calculateTaskSegments (DefaultLifecycleTaskSegmentCalculator.java:94)
    at org.apache.maven.lifecycle.internal.DefaultLifecycleTaskSegmentCalculator.calculateTaskSegments (DefaultLifecycleTaskSegmentCalculator.java:76)
    at org.apache.maven.lifecycle.internal.LifecycleStarter.execute (LifecycleStarter.java:84)
    at org.apache.maven.DefaultMaven.doExecute (DefaultMaven.java:261)
    at org.apache.maven.DefaultMaven.doExecute (DefaultMaven.java:173)
    at org.apache.maven.DefaultMaven.execute (DefaultMaven.java:101)
    at org.apache.maven.cli.MavenCli.execute (MavenCli.java:919)
    at org.apache.maven.cli.MavenCli.doMain (MavenCli.java:285)
    at org.apache.maven.cli.MavenCli.main (MavenCli.java:207)
    at jdk.internal.reflect.DirectMethodHandleAccessor.invoke (DirectMethodHandleAccessor.java:104)
    at java.lang.reflect.Method.invoke (Method.java:565)
    at org.codehaus.plexus.classworlds.launcher.Launcher.launchEnhanced (Launcher.java:255)
    at org.codehaus.plexus.classworlds.launcher.Launcher.launch (Launcher.java:201)
    at org.codehaus.plexus.classworlds.launcher.Launcher.mainWithExitCode (Launcher.java:362)
    at org.codehaus.plexus.classworlds.launcher.Launcher.main (Launcher.java:314)
[ERROR] 
[ERROR] Re-run Maven using the -X switch to enable full debug logging.
[ERROR] 
[ERROR] For more information about the errors and possible solutions, please read the following articles:
[ERROR] [Help 1] http://cwiki.apache.org/confluence/display/MAVEN/NoPluginFoundForPrefixException
